2025-12-02 10:57:29,457 - INFO - Conexion ok a BD
2025-12-02 11:02:59,671 - INFO - Conexion ok a BD
2025-12-02 11:56:20,305 - INFO - Conexion ok a BD
2025-12-02 14:31:34,766 - INFO - Conexion ok a BD
2025-12-02 14:33:08,424 - INFO - Conexion ok a BD
2025-12-02 14:43:31,432 - INFO - Conexion ok a BD
2025-12-02 14:43:37,020 - INFO - Conexion ok a BD
2025-12-02 14:44:16,086 - INFO - Conexion ok a BD
2025-12-02 14:47:20,787 - INFO - Conexion ok a BD
2025-12-02 14:47:20,818 - INFO - Conexion ok a BD
2025-12-02 14:47:20,901 - INFO - Eliminado id 4
2025-12-02 14:47:29,880 - INFO - Conexion ok a BD
2025-12-02 14:47:40,460 - INFO - Conexion ok a BD
2025-12-02 14:47:44,692 - INFO - Conexion ok a BD
2025-12-02 14:47:46,645 - INFO - Conexion ok a BD
2025-12-02 14:47:46,657 - INFO - Conexion ok a BD
2025-12-02 14:47:46,673 - INFO - Eliminado id 1
2025-12-02 14:47:56,206 - INFO - Conexion ok a BD
2025-12-02 14:48:04,659 - INFO - Conexion ok a BD
2025-12-02 14:48:04,690 - INFO - Conexion ok a BD
2025-12-02 14:48:04,712 - INFO - Eliminado id 2
2025-12-02 14:48:10,550 - INFO - Conexion ok a BD
2025-12-02 14:48:13,013 - INFO - Conexion ok a BD
2025-12-02 14:50:36,788 - INFO - Conexion ok a BD
2025-12-02 14:50:38,429 - INFO - Conexion ok a BD
2025-12-02 14:50:41,975 - INFO - Conexion ok a BD
2025-12-02 14:50:42,007 - INFO - Conexion ok a BD
2025-12-02 14:50:42,010 - INFO - Eliminado id 1
2025-12-02 14:51:06,726 - INFO - Conexion ok a BD
2025-12-02 14:51:10,074 - INFO - Conexion ok a BD
2025-12-02 14:51:13,559 - INFO - Conexion ok a BD
2025-12-02 14:51:17,368 - INFO - Conexion ok a BD
2025-12-02 14:51:17,390 - INFO - Conexion ok a BD
2025-12-02 14:51:17,400 - INFO - Eliminado id 3
2025-12-02 15:19:36,918 - INFO - Conexion ok a BD
2025-12-02 15:20:33,857 - INFO - Conexion ok a BD
2025-12-02 15:20:33,907 - INFO - Insertado
2025-12-02 15:20:39,086 - INFO - Conexion ok a BD
2025-12-02 15:25:32,854 - INFO - Conexion ok a BD
2025-12-02 15:25:32,867 - INFO - Insertado
2025-12-02 15:25:37,304 - INFO - Conexion ok a BD
2025-12-02 15:25:46,875 - INFO - Conexion ok a BD
2025-12-02 15:25:50,103 - INFO - Conexion ok a BD
2025-12-02 15:25:50,114 - INFO - Eliminado id 9
2025-12-02 15:25:50,122 - INFO - Conexion ok a BD
2025-12-02 15:25:50,133 - INFO - Conexion ok a BD
2025-12-02 15:29:47,192 - INFO - Conexion ok a BD
2025-12-02 15:29:52,037 - INFO - Conexion ok a BD
2025-12-02 15:29:52,048 - INFO - Eliminado id 8
2025-12-02 15:30:11,780 - INFO - Conexion ok a BD
2025-12-02 15:30:11,804 - INFO - Insertado
2025-12-02 15:30:31,390 - INFO - Conexion ok a BD
2025-12-02 15:30:31,401 - INFO - Insertado
2025-12-02 15:30:35,804 - INFO - Conexion ok a BD
2025-12-02 15:30:41,747 - INFO - Conexion ok a BD
2025-12-02 15:30:44,466 - INFO - Conexion ok a BD
2025-12-02 15:30:44,480 - INFO - Eliminado id 11
2025-12-02 15:30:49,941 - INFO - Conexion ok a BD
2025-12-03 08:53:49,956 - INFO - Conexion ok a BD
2025-12-03 08:54:10,339 - INFO - Conexion ok a BD
2025-12-03 08:56:45,121 - INFO - Conexion ok a BD
2025-12-03 08:56:45,186 - INFO - Insertado
2025-12-03 08:56:56,326 - INFO - Conexion ok a BD
2025-12-03 09:22:49,889 - INFO - Conexion ok a BD
2025-12-03 09:29:23,153 - INFO - Conexion ok a BD
2025-12-03 09:29:23,170 - INFO - Insertado
2025-12-03 09:29:30,735 - INFO - Conexion ok a BD
2025-12-03 09:59:49,930 - INFO - Conexion ok a BD
2025-12-03 09:59:54,484 - INFO - Conexion ok a BD
2025-12-03 09:59:54,506 - INFO - Insertado
2025-12-03 09:59:57,560 - INFO - Conexion ok a BD
2025-12-03 10:00:11,048 - INFO - Conexion ok a BD
2025-12-03 10:05:51,045 - INFO - Conexion ok a BD
2025-12-03 10:09:32,073 - INFO - Conexion ok a BD
2025-12-03 10:09:32,095 - INFO - Insertado
2025-12-03 10:09:37,164 - INFO - Conexion ok a BD
2025-12-03 10:09:54,992 - INFO - Conexion ok a BD
2025-12-03 10:09:55,006 - INFO - Insertado
2025-12-03 10:09:55,042 - INFO - Conexion ok a BD
2025-12-03 10:09:55,052 - INFO - Insertado
2025-12-03 10:09:55,084 - INFO - Conexion ok a BD
2025-12-03 10:09:55,091 - INFO - Insertado
2025-12-03 10:09:55,109 - INFO - Conexion ok a BD
2025-12-03 10:09:55,121 - INFO - Insertado
2025-12-03 10:09:55,128 - INFO - Conexion ok a BD
2025-12-03 10:09:55,137 - INFO - Insertado
2025-12-03 10:09:55,138 - INFO - Se insertaron {repeticiones} perros
2025-12-03 10:10:00,516 - INFO - Conexion ok a BD
2025-12-03 10:11:05,696 - INFO - Conexion ok a BD
2025-12-03 10:11:05,732 - INFO - Insertado
2025-12-03 10:11:05,758 - INFO - Conexion ok a BD
2025-12-03 10:11:05,765 - INFO - Insertado
2025-12-03 10:11:05,765 - INFO - Se insertaron 2 perros
2025-12-03 10:37:10,054 - INFO - Conexion ok a BD
2025-12-03 10:37:10,072 - INFO - Insertado
2025-12-03 10:42:27,158 - INFO - Conexion ok a BD
2025-12-03 10:42:27,189 - INFO - Insertado
2025-12-03 10:53:06,385 - INFO - Conexion ok a BD
2025-12-03 10:53:06,402 - INFO - Insertado
2025-12-03 11:16:42,256 - INFO - Conexion ok a BD
2025-12-03 11:16:42,268 - INFO - Insertado
